// Vitest Snapshot v1, https://vitest.dev/guide/snapshot.html

exports[`<HeaderBar> (D-12) > snapshot 1`] = `
<header
  class="_bar_232b7f"
  role="banner"
>
  <span
    class="_brand_232b7f"
    data-brand="humbleteam"
  >
    humbleteam
    <span
      aria-hidden="true"
      class="_dot_232b7f"
    />
  </span>
  <span
    class="_center_232b7f"
  >
    <span
      class="_title_232b7f"
    >
      FC Benchmark
    </span>
    <span
      class="_date_232b7f mono-caption"
      data-build-date="2026-04-17"
    >
      2026-04-17
    </span>
  </span>
  <a
    class="_cta_232b7f"
    data-cta="get-in-touch"
    href="mailto:hello@humbleteam.com"
  >
    GET IN TOUCH
  </a>
</header>
`;
